Flutter crash report.
Please report a bug at https://github.com/flutter/flutter/issues.

## command

flutter build windows --release

## exception

PathExistsException: PathExistsException: Cannot create link, path = 'E:\nutrifresh2\nutrifresh\windows\flutter\ephemeral\.plugin_symlinks\file_selector_windows' (OS Error: Cannot create a file when that file already exists.
, errno = 183)

```
#0      _Link.throwIfError (dart:io/link.dart:357:7)
#1      _Link.createSync (dart:io/link.dart:275:5)
#2      ForwardingLink.createSync (package:file/src/forwarding/forwarding_link.dart:20:16)
#3      ForwardingLink.createSync (package:file/src/forwarding/forwarding_link.dart:20:16)
#4      _createPlatformPluginSymlinks (package:flutter_tools/src/flutter_plugins.dart:1111:12)
#5      createPluginSymlinks (package:flutter_tools/src/flutter_plugins.dart:1027:5)
#6      buildWindows (package:flutter_tools/src/windows/build_windows.dart:81:3)
<asynchronous suspension>
#7      BuildWindowsCommand.runCommand (package:flutter_tools/src/commands/build_windows.dart:68:5)
<asynchronous suspension>
#8      FlutterCommand.run.<anonymous closure> (package:flutter_tools/src/runner/flutter_command.dart:1558:27)
<asynchronous suspension>
#9      AppContext.run.<anonymous closure> (package:flutter_tools/src/base/context.dart:154:19)
<asynchronous suspension>
#10     CommandRunner.runCommand (package:args/command_runner.dart:212:13)
<asynchronous suspension>
#11     FlutterCommandRunner.runCommand.<anonymous closure> (package:flutter_tools/src/runner/flutter_command_runner.dart:496:9)
<asynchronous suspension>
#12     AppContext.run.<anonymous closure> (package:flutter_tools/src/base/context.dart:154:19)
<asynchronous suspension>
#13     FlutterCommandRunner.runCommand (package:flutter_tools/src/runner/flutter_command_runner.dart:431:5)
<asynchronous suspension>
#14     run.<anonymous closure>.<anonymous closure> (package:flutter_tools/runner.dart:98:11)
<asynchronous suspension>
#15     AppContext.run.<anonymous closure> (package:flutter_tools/src/base/context.dart:154:19)
<asynchronous suspension>
#16     main (package:flutter_tools/executable.dart:99:3)
<asynchronous suspension>
```

## flutter doctor

```
[32m[✓][39m Flutter (Channel stable, 3.29.3, on Microsoft Windows [Version 10.0.19045.5854], locale
    en-US) [729ms]
    [32m•[39m Flutter version 3.29.3 on channel stable at C:\flutter
    [32m•[39m Upstream repository https://github.com/flutter/flutter.git
    [32m•[39m Framework revision ea121f8859 (6 weeks ago), 2025-04-11 19:10:07 +0000
    [32m•[39m Engine revision cf56914b32
    [32m•[39m Dart version 3.7.2
    [32m•[39m DevTools version 2.42.3

[32m[✓][39m Windows Version (10 Pro 64-bit, 22H2, 2009) [3.7s]

[32m[✓][39m Android toolchain - develop for Android devices (Android SDK version 35.0.1) [8.8s]
    [32m•[39m Android SDK at C:\Users\Master teach\AppData\Local\Android\sdk
    [32m•[39m Platform android-35, build-tools 35.0.1
    [32m•[39m ANDROID_HOME = C:\Users\Master teach\AppData\Local\Android\sdk
    [32m•[39m Java binary at: C:\Program Files\Android\Android Studio\jbr\bin\java
      This is the JDK bundled with the latest Android Studio installation on this machine.
      To manually set the JDK path, use: `flutter config --jdk-dir="path/to/jdk"`.
    [32m•[39m Java version OpenJDK Runtime Environment (build 21.0.6+-13368085-b895.109)
    [32m•[39m All Android licenses accepted.

[32m[✓][39m Chrome - develop for the web [36ms]
    [32m•[39m Chrome at C:\Program Files\Google\Chrome\Application\chrome.exe

[31m[✗][39m Visual Studio - develop Windows apps [33ms]
    [31m✗[39m Visual Studio not installed; this is necessary to develop Windows apps.
      Download at https://visualstudio.microsoft.com/downloads/.
      Please install the "Desktop development with C++" workload, including all of its default
      components

[32m[✓][39m Android Studio (version 2024.3.2) [28ms]
    [32m•[39m Android Studio at C:\Program Files\Android\Android Studio
    [32m•[39m Flutter plugin can be installed from:
      🔨 https://plugins.jetbrains.com/plugin/9212-flutter
    [32m•[39m Dart plugin can be installed from:
      🔨 https://plugins.jetbrains.com/plugin/6351-dart
    [32m•[39m Java version OpenJDK Runtime Environment (build 21.0.6+-13368085-b895.109)

[32m[✓][39m VS Code (version 1.100.2) [25ms]
    [32m•[39m VS Code at C:\Users\Master teach\AppData\Local\Programs\Microsoft VS Code
    [32m•[39m Flutter extension version 3.110.0

[32m[✓][39m Connected device (3 available) [411ms]
    [32m•[39m Windows (desktop) • windows • windows-x64    • Microsoft Windows [Version
      10.0.19045.5854]
    [32m•[39m Chrome (web)      • chrome  • web-javascript • Google Chrome 136.0.7103.114
    [32m•[39m Edge (web)        • edge    • web-javascript • Microsoft Edge 136.0.3240.76

[32m[✓][39m Network resources [1,294ms]
    [32m•[39m All expected network resources are available.

[33m![39m Doctor found issues in 1 category.
```
